app/auth/farmer/signup/page.tsx(37,26): error TS2304: Cannot find name 'signUpWithPhone'.
app/auth/farmer/signup/page.tsx(53,26): error TS2304: Cannot find name 'verifyOtp'.
app/auth/worker/signup/page.tsx(41,26): error TS2304: Cannot find name 'signUpWithPhone'.
app/auth/worker/signup/page.tsx(57,26): error TS2304: Cannot find name 'verifyOtp'.
app/farmer/jobs/[id]/page.tsx(58,27): error TS2345: Argument of type '{ id: any; status: any; message: any; job_id: any; worker_id: any; job_title: any; worker_first_name: any; worker_age: any; worker_experience: any; worker_rating: any; }[]' is not assignable to parameter of type 'SetStateAction<ApplicationWithDetails[]>'.
  Type '{ id: any; status: any; message: any; job_id: any; worker_id: any; job_title: any; worker_first_name: any; worker_age: any; worker_experience: any; worker_rating: any; }[]' is not assignable to type 'ApplicationWithDetails[]'.
    Type '{ id: any; status: any; message: any; job_id: any; worker_id: any; job_title: any; worker_first_name: any; worker_age: any; worker_experience: any; worker_rating: any; }' is missing the following properties from type 'ApplicationWithDetails': applied_at, worker_code, worker_last_name, job_status, and 3 more.
app/farmer/jobs/[id]/page.tsx(87,24): error TS2345: Argument of type '(prev: ApplicationWithDetails[]) => { status: string; id: string; applied_at: string; worker_code: string; worker_first_name: string; worker_last_name: string; worker_age?: number | ... 1 more ... | undefined; ... 10 more ...; message?: string | ... 1 more ... | undefined; }[]' is not assignable to parameter of type 'SetStateAction<ApplicationWithDetails[]>'.
  Type '(prev: ApplicationWithDetails[]) => { status: string; id: string; applied_at: string; worker_code: string; worker_first_name: string; worker_last_name: string; worker_age?: number | ... 1 more ... | undefined; ... 10 more ...; message?: string | ... 1 more ... | undefined; }[]' is not assignable to type '(prevState: ApplicationWithDetails[]) => ApplicationWithDetails[]'.
    Type '{ status: string; id: string; applied_at: string; worker_code: string; worker_first_name: string; worker_last_name: string; worker_age?: number | null | undefined; worker_experience?: number | null | undefined; ... 9 more ...; message?: string | ... 1 more ... | undefined; }[]' is not assignable to type 'ApplicationWithDetails[]'.
      Type '{ status: string; id: string; applied_at: string; worker_code: string; worker_first_name: string; worker_last_name: string; worker_age?: number | null; worker_experience?: number | null; ... 9 more ...; message?: string | null; }' is not assignable to type 'ApplicationWithDetails'.
        Types of property 'status' are incompatible.
          Type 'string' is not assignable to type 'ApplicationStatus'.
app/farmer/sahyog-kendra/components/SahyogCategoryCard.tsx(10,9): error TS2709: Cannot use namespace 'LucideIcon' as a type.
components/farmer/community/PostCard.tsx(62,22): error TS2339: Property 'helpHighlight' does not exist on type '{ label: string; icon: any; color: string; helpHighlight: string; } | { label: string; icon: any; color: string; } | { label: string; icon: any; color: string; }'.
  Property 'helpHighlight' does not exist on type '{ label: string; icon: any; color: string; }'.
